[debug] [2026-09-17T02:00:57.044Z] ----------------------------------------------------------------------
[debug] [2026-09-17T02:00:57.046Z] Command:       C:\Program Files\nodejs\node.exe C:\Users\Ritsu\AppData\Roaming\npm\node_modules\firebase-tools\lib\bin\firebase.js init
[debug] [2026-09-17T02:00:57.047Z] CLI Version:   15.30.1
[debug] [2026-09-17T02:00:57.047Z] Platform:      win32
[debug] [2026-09-17T02:00:57.047Z] Node Version:  v24.19.0
[debug] [2026-09-17T02:00:57.047Z] Detected Agent: unknown
[debug] [2026-09-17T02:00:57.047Z] Time:          Thu Sep 17 2026 09:00:57 GMT+0700 (Western Indonesia Time)
[debug] [2026-09-17T02:00:57.047Z] ----------------------------------------------------------------------
[debug] 
[info] 
     ######## #### ########  ######## ########     ###     ######  ########
     ##        ##  ##     ## ##       ##     ##  ##   ##  ##       ##
     ######    ##  ########  ######   ########  #########  ######  ######
     ##        ##  ##    ##  ##       ##     ## ##     ##       ## ##
     ##       #### ##     ## ######## ########  ##     ##  ######  ########

You're about to initialize a Firebase project in this directory:

  C:\Users\Ritsu\Documents\Calc 2

[info] 
=== Project Setup
[info] 
[info] First, let's associate this project directory with a Firebase project.
[info] You can create multiple project aliases by running firebase use --add, 
[info] 
[debug] [2026-09-17T02:02:45.571Z] > command requires scopes: ["email","openid","https://www.googleapis.com/auth/cloudplatformprojects.readonly","https://www.googleapis.com/auth/firebase","https://www.googleapis.com/auth/cloud-platform"]
[debug] [2026-09-17T02:02:45.572Z] > authorizing via signed-in user (ardiyanfadil177@gmail.com)
[debug] [2026-09-17T02:02:45.587Z] Checked if tokens are valid: true, expires at: 1789614010877
[debug] [2026-09-17T02:02:45.587Z] Checked if tokens are valid: true, expires at: 1789614010877
[debug] [2026-09-17T02:02:45.588Z] >>> [apiv2][query] GET https://firebase.googleapis.com/v1beta1/projects pageSize=100
[debug] [2026-09-17T02:02:47.321Z] <<< [apiv2][status] GET https://firebase.googleapis.com/v1beta1/projects 200
[debug] [2026-09-17T02:02:47.321Z] <<< [apiv2][body] GET https://firebase.googleapis.com/v1beta1/projects [omitted]
[info] 
=== Dataconnect Setup
[info] i  dataconnect: ensuring required API firebasedataconnect.googleapis.com is enabled... 
[debug] [2026-09-17T02:02:49.472Z] Checked if tokens are valid: true, expires at: 1789614010877
[debug] [2026-09-17T02:02:49.472Z] Checked if tokens are valid: true, expires at: 1789614010877
[info] i  dataconnect: ensuring required API sqladmin.googleapis.com is enabled... 
[debug] [2026-09-17T02:02:49.473Z] Checked if tokens are valid: true, expires at: 1789614010877
[debug] [2026-09-17T02:02:49.473Z] Checked if tokens are valid: true, expires at: 1789614010877
[debug] [2026-09-17T02:02:49.473Z] >>> [apiv2][query] GET https://serviceusage.googleapis.com/v1/projects/hitungin-63ed4/services/firebasedataconnect.googleapis.com [none]
[debug] [2026-09-17T02:02:49.474Z] >>> [apiv2][(partial)header] GET https://serviceusage.googleapis.com/v1/projects/hitungin-63ed4/services/firebasedataconnect.googleapis.com  x-goog-user-project=hitungin-63ed4
[debug] [2026-09-17T02:02:49.475Z] >>> [apiv2][query] GET https://serviceusage.googleapis.com/v1/projects/hitungin-63ed4/services/sqladmin.googleapis.com [none]
[debug] [2026-09-17T02:02:49.475Z] >>> [apiv2][(partial)header] GET https://serviceusage.googleapis.com/v1/projects/hitungin-63ed4/services/sqladmin.googleapis.com  x-goog-user-project=hitungin-63ed4
[debug] [2026-09-17T02:02:50.960Z] <<< [apiv2][status] GET https://serviceusage.googleapis.com/v1/projects/hitungin-63ed4/services/sqladmin.googleapis.com 200
[debug] [2026-09-17T02:02:50.960Z] <<< [apiv2][body] GET https://serviceusage.googleapis.com/v1/projects/hitungin-63ed4/services/sqladmin.googleapis.com [omitted]
[warn] !  dataconnect: missing required API sqladmin.googleapis.com. Enabling now... 
[debug] [2026-09-17T02:02:50.961Z] Checked if tokens are valid: true, expires at: 1789614010877
[debug] [2026-09-17T02:02:50.961Z] Checked if tokens are valid: true, expires at: 1789614010877
[debug] [2026-09-17T02:02:50.961Z] >>> [apiv2][query] POST https://serviceusage.googleapis.com/v1/projects/hitungin-63ed4/services/sqladmin.googleapis.com:enable [none]
[debug] [2026-09-17T02:02:50.961Z] >>> [apiv2][(partial)header] POST https://serviceusage.googleapis.com/v1/projects/hitungin-63ed4/services/sqladmin.googleapis.com:enable  x-goog-user-project=hitungin-63ed4
[debug] [2026-09-17T02:02:51.039Z] <<< [apiv2][status] GET https://serviceusage.googleapis.com/v1/projects/hitungin-63ed4/services/firebasedataconnect.googleapis.com 200
[debug] [2026-09-17T02:02:51.039Z] <<< [apiv2][body] GET https://serviceusage.googleapis.com/v1/projects/hitungin-63ed4/services/firebasedataconnect.googleapis.com [omitted]
[warn] !  dataconnect: missing required API firebasedataconnect.googleapis.com. Enabling now... 
[debug] [2026-09-17T02:02:51.040Z] Checked if tokens are valid: true, expires at: 1789614010877
[debug] [2026-09-17T02:02:51.040Z] Checked if tokens are valid: true, expires at: 1789614010877
[debug] [2026-09-17T02:02:51.040Z] >>> [apiv2][query] POST https://serviceusage.googleapis.com/v1/projects/hitungin-63ed4/services/firebasedataconnect.googleapis.com:enable [none]
[debug] [2026-09-17T02:02:51.041Z] >>> [apiv2][(partial)header] POST https://serviceusage.googleapis.com/v1/projects/hitungin-63ed4/services/firebasedataconnect.googleapis.com:enable  x-goog-user-project=hitungin-63ed4
[debug] [2026-09-17T02:02:52.529Z] <<< [apiv2][status] POST https://serviceusage.googleapis.com/v1/projects/hitungin-63ed4/services/sqladmin.googleapis.com:enable 200
[debug] [2026-09-17T02:02:52.529Z] <<< [apiv2][body] POST https://serviceusage.googleapis.com/v1/projects/hitungin-63ed4/services/sqladmin.googleapis.com:enable [omitted]
[debug] [2026-09-17T02:02:52.601Z] <<< [apiv2][status] POST https://serviceusage.googleapis.com/v1/projects/hitungin-63ed4/services/firebasedataconnect.googleapis.com:enable 200
[debug] [2026-09-17T02:02:52.601Z] <<< [apiv2][body] POST https://serviceusage.googleapis.com/v1/projects/hitungin-63ed4/services/firebasedataconnect.googleapis.com:enable [omitted]
[debug] [2026-09-17T02:03:02.612Z] Checked if tokens are valid: true, expires at: 1789614010877
[debug] [2026-09-17T02:03:02.613Z] Checked if tokens are valid: true, expires at: 1789614010877
[debug] [2026-09-17T02:03:02.613Z] >>> [apiv2][query] GET https://firebasedataconnect.googleapis.com/v1/projects/hitungin-63ed4/locations/-/services [none]
[debug] [2026-09-17T02:03:05.341Z] <<< [apiv2][status] GET https://firebasedataconnect.googleapis.com/v1/projects/hitungin-63ed4/locations/-/services 200
[debug] [2026-09-17T02:03:05.341Z] <<< [apiv2][body] GET https://firebasedataconnect.googleapis.com/v1/projects/hitungin-63ed4/locations/-/services {}
[debug] [2026-09-17T02:03:32.137Z] Checked if tokens are valid: true, expires at: 1789614010877
[debug] [2026-09-17T02:03:32.138Z] Checked if tokens are valid: true, expires at: 1789614010877
[debug] [2026-09-17T02:03:32.138Z] >>> [apiv2][query] GET https://serviceusage.googleapis.com/v1/projects/hitungin-63ed4/services/cloudbilling.googleapis.com [none]
[debug] [2026-09-17T02:03:32.138Z] >>> [apiv2][(partial)header] GET https://serviceusage.googleapis.com/v1/projects/hitungin-63ed4/services/cloudbilling.googleapis.com  x-goog-user-project=hitungin-63ed4
[debug] [2026-09-17T02:03:33.599Z] <<< [apiv2][status] GET https://serviceusage.googleapis.com/v1/projects/hitungin-63ed4/services/cloudbilling.googleapis.com 200
[debug] [2026-09-17T02:03:33.599Z] <<< [apiv2][body] GET https://serviceusage.googleapis.com/v1/projects/hitungin-63ed4/services/cloudbilling.googleapis.com [omitted]
[debug] [2026-09-17T02:03:33.599Z] Checked if tokens are valid: true, expires at: 1789614010877
[debug] [2026-09-17T02:03:33.599Z] Checked if tokens are valid: true, expires at: 1789614010877
[debug] [2026-09-17T02:03:33.599Z] >>> [apiv2][query] POST https://serviceusage.googleapis.com/v1/projects/hitungin-63ed4/services/cloudbilling.googleapis.com:enable [none]
[debug] [2026-09-17T02:03:33.599Z] >>> [apiv2][(partial)header] POST https://serviceusage.googleapis.com/v1/projects/hitungin-63ed4/services/cloudbilling.googleapis.com:enable  x-goog-user-project=hitungin-63ed4
[debug] [2026-09-17T02:03:35.120Z] <<< [apiv2][status] POST https://serviceusage.googleapis.com/v1/projects/hitungin-63ed4/services/cloudbilling.googleapis.com:enable 200
[debug] [2026-09-17T02:03:35.120Z] <<< [apiv2][body] POST https://serviceusage.googleapis.com/v1/projects/hitungin-63ed4/services/cloudbilling.googleapis.com:enable [omitted]
[debug] [2026-09-17T02:03:45.142Z] Checked if tokens are valid: true, expires at: 1789614010877
[debug] [2026-09-17T02:03:45.142Z] Checked if tokens are valid: true, expires at: 1789614010877
[debug] [2026-09-17T02:03:45.142Z] >>> [apiv2][query] GET https://cloudbilling.googleapis.com/v1/projects/hitungin-63ed4/billingInfo [none]
[debug] [2026-09-17T02:03:45.142Z] >>> [apiv2][(partial)header] GET https://cloudbilling.googleapis.com/v1/projects/hitungin-63ed4/billingInfo  x-goog-user-project=hitungin-63ed4
[debug] [2026-09-17T02:03:47.560Z] <<< [apiv2][status] GET https://cloudbilling.googleapis.com/v1/projects/hitungin-63ed4/billingInfo 200
[debug] [2026-09-17T02:03:47.560Z] <<< [apiv2][body] GET https://cloudbilling.googleapis.com/v1/projects/hitungin-63ed4/billingInfo {"name":"projects/hitungin-63ed4/billingInfo","projectId":"hitungin-63ed4","billingAccountName":"","billingEnabled":false}
[debug] [2026-09-17T02:03:47.561Z] Checked if tokens are valid: true, expires at: 1789614010877
[debug] [2026-09-17T02:03:47.561Z] Checked if tokens are valid: true, expires at: 1789614010877
[debug] [2026-09-17T02:03:47.561Z] >>> [apiv2][query] GET https://monitoring.googleapis.com/v3/projects/hitungin-63ed4/timeSeries/ filter=metric.type%3D%22serviceruntime.googleapis.com%2Fquota%2Fallocation%2Fusage%22+AND+metric.label.quota_metric+%3D+%22sqladmin.googleapis.com%2Ffdc_lifetime_free_trial_per_project%22&interval.endTime=2026-09-17T02%3A03%3A47.561Z&interval.startTime=2026-09-10T02%3A03%3A47.561Z
[debug] [2026-09-17T02:03:48.445Z] <<< [apiv2][status] GET https://monitoring.googleapis.com/v3/projects/hitungin-63ed4/timeSeries/ 200
[debug] [2026-09-17T02:03:48.445Z] <<< [apiv2][body] GET https://monitoring.googleapis.com/v3/projects/hitungin-63ed4/timeSeries/ {"unit":"1"}
[info] +  dataconnect: CloudSQL no cost trial available! 
[debug] [2026-09-17T02:03:48.446Z] Checked if tokens are valid: true, expires at: 1789614010877
[debug] [2026-09-17T02:03:48.446Z] Checked if tokens are valid: true, expires at: 1789614010877
[debug] [2026-09-17T02:03:48.446Z] >>> [apiv2][query] GET https://sqladmin.googleapis.com/v1/projects/hitungin-63ed4/instances [none]
[debug] [2026-09-17T02:03:49.355Z] <<< [apiv2][status] GET https://sqladmin.googleapis.com/v1/projects/hitungin-63ed4/instances 200
[debug] [2026-09-17T02:03:49.355Z] <<< [apiv2][body] GET https://sqladmin.googleapis.com/v1/projects/hitungin-63ed4/instances {}
[debug] [2026-09-17T02:03:49.357Z] Checked if tokens are valid: true, expires at: 1789614010877
[debug] [2026-09-17T02:03:49.357Z] Checked if tokens are valid: true, expires at: 1789614010877
[debug] [2026-09-17T02:03:49.357Z] >>> [apiv2][query] GET https://firebasedataconnect.googleapis.com/v1/projects/hitungin-63ed4/locations [none]
[debug] [2026-09-17T02:03:50.784Z] <<< [apiv2][status] GET https://firebasedataconnect.googleapis.com/v1/projects/hitungin-63ed4/locations 200
[debug] [2026-09-17T02:03:50.785Z] <<< [apiv2][body] GET https://firebasedataconnect.googleapis.com/v1/projects/hitungin-63ed4/locations {"locations":[{"name":"projects/hitungin-63ed4/locations/asia-east1","locationId":"asia-east1","displayName":"Taiwan"},{"name":"projects/hitungin-63ed4/locations/asia-east2","locationId":"asia-east2","displayName":"Hong Kong"},{"name":"projects/hitungin-63ed4/locations/asia-northeast1","locationId":"asia-northeast1","displayName":"Tokyo"},{"name":"projects/hitungin-63ed4/locations/asia-northeast2","locationId":"asia-northeast2","displayName":"Osaka"},{"name":"projects/hitungin-63ed4/locations/asia-northeast3","locationId":"asia-northeast3","displayName":"Seoul"},{"name":"projects/hitungin-63ed4/locations/asia-south1","locationId":"asia-south1","displayName":"Mumbai"},{"name":"projects/hitungin-63ed4/locations/asia-southeast1","locationId":"asia-southeast1","displayName":"Singapore"},{"name":"projects/hitungin-63ed4/locations/asia-southeast2","locationId":"asia-southeast2","displayName":"Jakarta"},{"name":"projects/hitungin-63ed4/locations/australia-southeast1","locationId":"australia-southeast1","displayName":"Sydney"},{"name":"projects/hitungin-63ed4/locations/australia-southeast2","locationId":"australia-southeast2","displayName":"Melbourne"},{"name":"projects/hitungin-63ed4/locations/europe-central2","locationId":"europe-central2","displayName":"Warsaw"},{"name":"projects/hitungin-63ed4/locations/europe-north1","locationId":"europe-north1","displayName":"Finland"},{"name":"projects/hitungin-63ed4/locations/europe-southwest1","locationId":"europe-southwest1","displayName":"Madrid"},{"name":"projects/hitungin-63ed4/locations/europe-west1","locationId":"europe-west1","displayName":"Belgium"},{"name":"projects/hitungin-63ed4/locations/europe-west2","locationId":"europe-west2","displayName":"London"},{"name":"projects/hitungin-63ed4/locations/europe-west3","locationId":"europe-west3","displayName":"Frankfurt"},{"name":"projects/hitungin-63ed4/locations/europe-west4","locationId":"europe-west4","displayName":"Netherlands"},{"name":"projects/hitungin-63ed4/locations/europe-west6","locationId":"europe-west6","displayName":"Zurich"},{"name":"projects/hitungin-63ed4/locations/europe-west8","locationId":"europe-west8","displayName":"Milan"},{"name":"projects/hitungin-63ed4/locations/europe-west9","locationId":"europe-west9","displayName":"Paris"},{"name":"projects/hitungin-63ed4/locations/me-west1","locationId":"me-west1","displayName":"Tel Aviv"},{"name":"projects/hitungin-63ed4/locations/northamerica-northeast1","locationId":"northamerica-northeast1","displayName":"Montréal"},{"name":"projects/hitungin-63ed4/locations/northamerica-northeast2","locationId":"northamerica-northeast2","displayName":"Toronto"},{"name":"projects/hitungin-63ed4/locations/southamerica-east1","locationId":"southamerica-east1","displayName":"São Paulo"},{"name":"projects/hitungin-63ed4/locations/southamerica-west1","locationId":"southamerica-west1","displayName":"Santiago"},{"name":"projects/hitungin-63ed4/locations/us-central1","locationId":"us-central1","displayName":"Iowa"},{"name":"projects/hitungin-63ed4/locations/us-east1","locationId":"us-east1","displayName":"South Carolina"},{"name":"projects/hitungin-63ed4/locations/us-east4","locationId":"us-east4","displayName":"Northern Virginia"},{"name":"projects/hitungin-63ed4/locations/us-south1","locationId":"us-south1","displayName":"Dallas"},{"name":"projects/hitungin-63ed4/locations/us-west1","locationId":"us-west1","displayName":"Oregon"},{"name":"projects/hitungin-63ed4/locations/us-west2","locationId":"us-west2","displayName":"Los Angeles"},{"name":"projects/hitungin-63ed4/locations/us-west3","locationId":"us-west3","displayName":"Salt Lake City"},{"name":"projects/hitungin-63ed4/locations/us-west4","locationId":"us-west4","displayName":"Las Vegas"}]}
[info] +  dataconnect: Detected existing apps . (web) 
[debug] [2026-09-17T02:04:19.619Z] Checked if tokens are valid: true, expires at: 1789614010877
[debug] [2026-09-17T02:04:19.619Z] Checked if tokens are valid: true, expires at: 1789614010877
[debug] [2026-09-17T02:04:19.619Z] >>> [apiv2][query] GET https://sqladmin.googleapis.com/v1/projects/hitungin-63ed4/instances/calc2-fdc [none]
[debug] [2026-09-17T02:04:20.184Z] <<< [apiv2][status] GET https://sqladmin.googleapis.com/v1/projects/hitungin-63ed4/instances/calc2-fdc 404
[debug] [2026-09-17T02:04:20.184Z] <<< [apiv2][body] GET https://sqladmin.googleapis.com/v1/projects/hitungin-63ed4/instances/calc2-fdc {"error":{"code":404,"message":"The Cloud SQL instance does not exist.","errors":[{"message":"The Cloud SQL instance does not exist.","domain":"global","reason":"instanceDoesNotExist"}]}}
[debug] [2026-09-17T02:04:20.185Z] Checked if tokens are valid: true, expires at: 1789614010877
[debug] [2026-09-17T02:04:20.185Z] Checked if tokens are valid: true, expires at: 1789614010877
[debug] [2026-09-17T02:04:20.185Z] >>> [apiv2][query] GET https://monitoring.googleapis.com/v3/projects/hitungin-63ed4/timeSeries/ filter=metric.type%3D%22serviceruntime.googleapis.com%2Fquota%2Fallocation%2Fusage%22+AND+metric.label.quota_metric+%3D+%22sqladmin.googleapis.com%2Ffdc_lifetime_free_trial_per_project%22&interval.endTime=2026-09-17T02%3A04%3A20.185Z&interval.startTime=2026-09-10T02%3A04%3A20.185Z
[debug] [2026-09-17T02:04:21.411Z] <<< [apiv2][status] GET https://monitoring.googleapis.com/v3/projects/hitungin-63ed4/timeSeries/ 200
[debug] [2026-09-17T02:04:21.411Z] <<< [apiv2][body] GET https://monitoring.googleapis.com/v3/projects/hitungin-63ed4/timeSeries/ {"unit":"1"}
[debug] [2026-09-17T02:04:21.412Z] Checked if tokens are valid: true, expires at: 1789614010877
[debug] [2026-09-17T02:04:21.412Z] Checked if tokens are valid: true, expires at: 1789614010877
[debug] [2026-09-17T02:04:21.412Z] >>> [apiv2][query] POST https://sqladmin.googleapis.com/v1/projects/hitungin-63ed4/instances [none]
[debug] [2026-09-17T02:04:21.412Z] >>> [apiv2][body] POST https://sqladmin.googleapis.com/v1/projects/hitungin-63ed4/instances {"name":"calc2-fdc","region":"asia-southeast1","databaseVersion":"POSTGRES_18","settings":{"tier":"db-f1-micro","edition":"ENTERPRISE","ipConfiguration":{"authorizedNetworks":[]},"enableGoogleMlIntegration":false,"databaseFlags":[{"name":"cloudsql.iam_authentication","value":"on"}],"storageAutoResize":false,"userLabels":{"firebase-data-connect":"ft"},"insightsConfig":{"queryInsightsEnabled":true,"queryPlansPerMinute":5,"queryStringLength":1024}}}
[debug] [2026-09-17T02:04:29.102Z] <<< [apiv2][status] POST https://sqladmin.googleapis.com/v1/projects/hitungin-63ed4/instances 200
[debug] [2026-09-17T02:04:29.102Z] <<< [apiv2][body] POST https://sqladmin.googleapis.com/v1/projects/hitungin-63ed4/instances {"kind":"sql#operation","targetLink":"https://www.googleapis.com/v1/projects/hitungin-63ed4/instances/calc2-fdc","status":"PENDING","user":"ardiyanfadil177@gmail.com","insertTime":"2026-09-17T02:04:29.839Z","operationType":"CREATE","name":"eb85ca43-9f49-4696-885f-7dc600000031","targetId":"calc2-fdc","selfLink":"https://www.googleapis.com/v1/projects/hitungin-63ed4/operations/eb85ca43-9f49-4696-885f-7dc600000031","targetProject":"hitungin-63ed4"}
[info] i  dataconnect: Cloud SQL Instance calc2-fdc is being created.
This instance is provided under the terms of the SQL Connect no-cost trial https://firebase.google.com/pricing

   Meanwhile, your data are saved in a temporary database and will be migrated once complete. 
   Your free trial instance won't show in google cloud console until a billing account is added.
   However, you can still use the gcloud cli to monitor your database instance:

	e.g. gcloud sql instances list --project hitungin-63ed4
 
[debug] [2026-09-17T02:04:29.105Z] Checked if tokens are valid: true, expires at: 1789614010877
[debug] [2026-09-17T02:04:29.105Z] Checked if tokens are valid: true, expires at: 1789614010877
[debug] [2026-09-17T02:04:29.105Z] >>> [apiv2][query] POST https://firebasedataconnect.googleapis.com/v1/projects/hitungin-63ed4/locations/asia-southeast1/services service_id=calc2
[debug] [2026-09-17T02:04:29.105Z] >>> [apiv2][body] POST https://firebasedataconnect.googleapis.com/v1/projects/hitungin-63ed4/locations/asia-southeast1/services {"name":"projects/hitungin-63ed4/locations/asia-southeast1/services/calc2"}
[debug] [2026-09-17T02:04:32.327Z] <<< [apiv2][status] POST https://firebasedataconnect.googleapis.com/v1/projects/hitungin-63ed4/locations/asia-southeast1/services 200
[debug] [2026-09-17T02:04:32.327Z] <<< [apiv2][body] POST https://firebasedataconnect.googleapis.com/v1/projects/hitungin-63ed4/locations/asia-southeast1/services {"name":"projects/hitungin-63ed4/locations/asia-southeast1/operations/operation-1789610670209-65ba43448ba13-f0c592f8-506948b8","metadata":{"@type":"type.googleapis.com/google.firebase.dataconnect.v1.OperationMetadata","createTime":"2026-09-17T02:04:33.090519954Z","target":"projects/hitungin-63ed4/locations/asia-southeast1/services/calc2","verb":"create","requestedCancellation":false,"apiVersion":"v1"},"done":false}
[debug] [2026-09-17T02:04:32.329Z] Checked if tokens are valid: true, expires at: 1789614010877
[debug] [2026-09-17T02:04:32.329Z] Checked if tokens are valid: true, expires at: 1789614010877
[debug] [2026-09-17T02:04:32.329Z] >>> [apiv2][query] GET https://firebasedataconnect.googleapis.com/v1/projects/hitungin-63ed4/locations/asia-southeast1/operations/operation-1789610670209-65ba43448ba13-f0c592f8-506948b8 [none]
[debug] [2026-09-17T02:04:32.427Z] <<< [apiv2][status] GET https://firebasedataconnect.googleapis.com/v1/projects/hitungin-63ed4/locations/asia-southeast1/operations/operation-1789610670209-65ba43448ba13-f0c592f8-506948b8 200
[debug] [2026-09-17T02:04:32.427Z] <<< [apiv2][body] GET https://firebasedataconnect.googleapis.com/v1/projects/hitungin-63ed4/locations/asia-southeast1/operations/operation-1789610670209-65ba43448ba13-f0c592f8-506948b8 {"name":"projects/hitungin-63ed4/locations/asia-southeast1/operations/operation-1789610670209-65ba43448ba13-f0c592f8-506948b8","metadata":{"@type":"type.googleapis.com/google.firebase.dataconnect.v1.OperationMetadata","createTime":"2026-09-17T02:04:33.090519954Z","target":"projects/hitungin-63ed4/locations/asia-southeast1/services/calc2","verb":"create","requestedCancellation":false,"apiVersion":"v1"},"done":false}
[debug] [2026-09-17T02:04:32.943Z] [LRO Poller] Retrying task index 0
[debug] [2026-09-17T02:04:32.944Z] Checked if tokens are valid: true, expires at: 1789614010877
[debug] [2026-09-17T02:04:32.944Z] Checked if tokens are valid: true, expires at: 1789614010877
[debug] [2026-09-17T02:04:32.944Z] >>> [apiv2][query] GET https://firebasedataconnect.googleapis.com/v1/projects/hitungin-63ed4/locations/asia-southeast1/operations/operation-1789610670209-65ba43448ba13-f0c592f8-506948b8 [none]
[debug] [2026-09-17T02:04:33.129Z] <<< [apiv2][status] GET https://firebasedataconnect.googleapis.com/v1/projects/hitungin-63ed4/locations/asia-southeast1/operations/operation-1789610670209-65ba43448ba13-f0c592f8-506948b8 200
[debug] [2026-09-17T02:04:33.129Z] <<< [apiv2][body] GET https://firebasedataconnect.googleapis.com/v1/projects/hitungin-63ed4/locations/asia-southeast1/operations/operation-1789610670209-65ba43448ba13-f0c592f8-506948b8 {"name":"projects/hitungin-63ed4/locations/asia-southeast1/operations/operation-1789610670209-65ba43448ba13-f0c592f8-506948b8","metadata":{"@type":"type.googleapis.com/google.firebase.dataconnect.v1.OperationMetadata","createTime":"2026-09-17T02:04:33.090519954Z","target":"projects/hitungin-63ed4/locations/asia-southeast1/services/calc2","verb":"create","requestedCancellation":false,"apiVersion":"v1"},"done":false}
[debug] [2026-09-17T02:04:34.143Z] [LRO Poller] Retrying task index 0
[debug] [2026-09-17T02:04:34.143Z] Checked if tokens are valid: true, expires at: 1789614010877
[debug] [2026-09-17T02:04:34.143Z] Checked if tokens are valid: true, expires at: 1789614010877
[debug] [2026-09-17T02:04:34.144Z] >>> [apiv2][query] GET https://firebasedataconnect.googleapis.com/v1/projects/hitungin-63ed4/locations/asia-southeast1/operations/operation-1789610670209-65ba43448ba13-f0c592f8-506948b8 [none]
[debug] [2026-09-17T02:04:34.210Z] <<< [apiv2][status] GET https://firebasedataconnect.googleapis.com/v1/projects/hitungin-63ed4/locations/asia-southeast1/operations/operation-1789610670209-65ba43448ba13-f0c592f8-506948b8 200
[debug] [2026-09-17T02:04:34.211Z] <<< [apiv2][body] GET https://firebasedataconnect.googleapis.com/v1/projects/hitungin-63ed4/locations/asia-southeast1/operations/operation-1789610670209-65ba43448ba13-f0c592f8-506948b8 {"name":"projects/hitungin-63ed4/locations/asia-southeast1/operations/operation-1789610670209-65ba43448ba13-f0c592f8-506948b8","metadata":{"@type":"type.googleapis.com/google.firebase.dataconnect.v1.OperationMetadata","createTime":"2026-09-17T02:04:33.090519954Z","endTime":"2026-09-17T02:04:34.511133784Z","target":"projects/hitungin-63ed4/locations/asia-southeast1/services/calc2","verb":"create","requestedCancellation":false,"apiVersion":"v1"},"done":true,"response":{"@type":"type.googleapis.com/google.firebase.dataconnect.v1.Service","name":"projects/hitungin-63ed4/locations/asia-southeast1/services/calc2","createTime":"2026-09-17T02:04:33.085134014Z","updateTime":"2026-09-17T02:04:33.085134014Z","uid":"54d94aff-329d-457b-8a5a-40bb520b458f","reconciling":false,"etag":"O51dejwm8NPL-ubO_0tEY41Y2ZT6XTQqOZVqcyrVWC0"}}
[debug] [2026-09-17T02:04:34.215Z] [Agent Service] Reusable cURL command:\ncurl -X POST "https://firebasedataconnect.googleapis.com/v1/projects/hitungin-63ed4/locations/asia-southeast1/services/-:generateSchema" -H "Content-Type: application/json" -H "Authorization: Bearer $(gcloud auth print-access-token)" -d '{"name":"projects/hitungin-63ed4/locations/asia-southeast1/services/-","prompt":"no"}'
[debug] [2026-09-17T02:04:34.215Z] Checked if tokens are valid: true, expires at: 1789614010877
[debug] [2026-09-17T02:04:34.215Z] Checked if tokens are valid: true, expires at: 1789614010877
[debug] [2026-09-17T02:04:34.215Z] >>> [apiv2][query] POST https://firebasedataconnect.googleapis.com/v1/projects/hitungin-63ed4/locations/asia-southeast1/services/-:generateSchema [none]
[debug] [2026-09-17T02:04:34.215Z] >>> [apiv2][body] POST https://firebasedataconnect.googleapis.com/v1/projects/hitungin-63ed4/locations/asia-southeast1/services/-:generateSchema {"name":"projects/hitungin-63ed4/locations/asia-southeast1/services/-","prompt":"no"}
[debug] [2026-09-17T02:04:34.528Z] <<< [apiv2][status] POST https://firebasedataconnect.googleapis.com/v1/projects/hitungin-63ed4/locations/asia-southeast1/services/-:generateSchema 200
[debug] [2026-09-17T02:04:34.528Z] <<< [apiv2][body] POST https://firebasedataconnect.googleapis.com/v1/projects/hitungin-63ed4/locations/asia-southeast1/services/-:generateSchema [stream]
[debug] [2026-09-17T02:04:40.185Z] Checked if tokens are valid: true, expires at: 1789614010877
[debug] [2026-09-17T02:04:40.186Z] Checked if tokens are valid: true, expires at: 1789614010877
[debug] [2026-09-17T02:04:40.186Z] [Agent Service] Reusable cURL command:\ncurl -X POST "https://firebasedataconnect.googleapis.com/v1/projects/hitungin-63ed4/locations/asia-southeast1/services/-:generateQuery" -H "Content-Type: application/json" -H "Authorization: Bearer $(gcloud auth print-access-token)" -d '{"name":"projects/hitungin-63ed4/locations/asia-southeast1/services/-","prompt":"Generate at least one create (insert/upsert), delete, update, get (read by key), and list operation for each table defined in the schema. For user-specific data, use the 'auth.uid' server value (e.g., id_expr: \"auth.uid\") or correct filters to secure user-owned data and require authentication using @auth(level: USER). For publicly accessible data, use @auth(level: PUBLIC, insecureReason: \"why is it OK to be public?\")","schemas":[{"name":"projects/hitungin-63ed4/locations/asia-southeast1/services/calc2/schemas/main","datasources":[],"source":{"files":[{"path":"schema.gql","content":"type User @table {\n  email: String!\n  displayName: String!\n  avatarUrl: String\n}\n\ntype Project @table {\n  name: String!\n  description: String\n  deadline: Timestamp\n  owner: User!\n}\n\ntype Task @table {\n  title: String!\n  status: String!\n  description: String\n  dueDate: Timestamp\n  project: Project!\n  assignee: User\n}\n\ntype Comment @table {\n  content: String!\n  createdAt: Timestamp\n  task: Task!\n  author: User!\n}\n\ntype TeamMember @table(key: [\"user\", \"project\"]) {\n  role: String!\n  user: User!\n  project: Project!\n}"}]}}]}'
[debug] [2026-09-17T02:04:40.186Z] Checked if tokens are valid: true, expires at: 1789614010877
[debug] [2026-09-17T02:04:40.186Z] Checked if tokens are valid: true, expires at: 1789614010877
[debug] [2026-09-17T02:04:40.186Z] [Agent Service] Reusable cURL command:\ncurl -X POST "https://firebasedataconnect.googleapis.com/v1/projects/hitungin-63ed4/locations/asia-southeast1/services/-:generateQuery" -H "Content-Type: application/json" -H "Authorization: Bearer $(gcloud auth print-access-token)" -d '{"name":"projects/hitungin-63ed4/locations/asia-southeast1/services/-","prompt":"Create a single mutation wrapped in a @transaction to populate the database with seed data. The mutation should call the insertMany action (e.g., table_insertMany) for all tables/entities defined in the schema, using fake data. Generate appropriate fake records (3 to 5 per table) conforming to the schema and including proper relationships/foreign keys.","schemas":[{"name":"projects/hitungin-63ed4/locations/asia-southeast1/services/calc2/schemas/main","datasources":[],"source":{"files":[{"path":"schema.gql","content":"type User @table {\n  email: String!\n  displayName: String!\n  avatarUrl: String\n}\n\ntype Project @table {\n  name: String!\n  description: String\n  deadline: Timestamp\n  owner: User!\n}\n\ntype Task @table {\n  title: String!\n  status: String!\n  description: String\n  dueDate: Timestamp\n  project: Project!\n  assignee: User\n}\n\ntype Comment @table {\n  content: String!\n  createdAt: Timestamp\n  task: Task!\n  author: User!\n}\n\ntype TeamMember @table(key: [\"user\", \"project\"]) {\n  role: String!\n  user: User!\n  project: Project!\n}"}]}}]}'
[debug] [2026-09-17T02:04:40.186Z] Checked if tokens are valid: true, expires at: 1789614010877
[debug] [2026-09-17T02:04:40.186Z] Checked if tokens are valid: true, expires at: 1789614010877
[debug] [2026-09-17T02:04:40.187Z] >>> [apiv2][query] PATCH https://firebasedataconnect.googleapis.com/v1/projects/hitungin-63ed4/locations/asia-southeast1/services/calc2/schemas/main allowMissing=true&validateOnly=false
[debug] [2026-09-17T02:04:40.187Z] >>> [apiv2][body] PATCH https://firebasedataconnect.googleapis.com/v1/projects/hitungin-63ed4/locations/asia-southeast1/services/calc2/schemas/main {"name":"projects/hitungin-63ed4/locations/asia-southeast1/services/calc2/schemas/main","datasources":[{"postgresql":{"database":"fdcdb","cloudSql":{"instance":"projects/hitungin-63ed4/locations/asia-southeast1/instances/calc2-fdc"},"schemaValidation":"NONE"}}],"source":{"files":[{"path":"schema.gql","content":"type User @table {\n  email: String!\n  displayName: String!\n  avatarUrl: String\n}\n\ntype Project @table {\n  name: String!\n  description: String\n  deadline: Timestamp\n  owner: User!\n}\n\ntype Task @table {\n  title: String!\n  status: String!\n  description: String\n  dueDate: Timestamp\n  project: Project!\n  assignee: User\n}\n\ntype Comment @table {\n  content: String!\n  createdAt: Timestamp\n  task: Task!\n  author: User!\n}\n\ntype TeamMember @table(key: [\"user\", \"project\"]) {\n  role: String!\n  user: User!\n  project: Project!\n}"}]}}
[debug] [2026-09-17T02:04:40.187Z] >>> [apiv2][query] POST https://firebasedataconnect.googleapis.com/v1/projects/hitungin-63ed4/locations/asia-southeast1/services/-:generateQuery [none]
[debug] [2026-09-17T02:04:40.187Z] >>> [apiv2][body] POST https://firebasedataconnect.googleapis.com/v1/projects/hitungin-63ed4/locations/asia-southeast1/services/-:generateQuery {"name":"projects/hitungin-63ed4/locations/asia-southeast1/services/-","prompt":"Generate at least one create (insert/upsert), delete, update, get (read by key), and list operation for each table defined in the schema. For user-specific data, use the 'auth.uid' server value (e.g., id_expr: \"auth.uid\") or correct filters to secure user-owned data and require authentication using @auth(level: USER). For publicly accessible data, use @auth(level: PUBLIC, insecureReason: \"why is it OK to be public?\")","schemas":[{"name":"projects/hitungin-63ed4/locations/asia-southeast1/services/calc2/schemas/main","datasources":[],"source":{"files":[{"path":"schema.gql","content":"type User @table {\n  email: String!\n  displayName: String!\n  avatarUrl: String\n}\n\ntype Project @table {\n  name: String!\n  description: String\n  deadline: Timestamp\n  owner: User!\n}\n\ntype Task @table {\n  title: String!\n  status: String!\n  description: String\n  dueDate: Timestamp\n  project: Project!\n  assignee: User\n}\n\ntype Comment @table {\n  content: String!\n  createdAt: Timestamp\n  task: Task!\n  author: User!\n}\n\ntype TeamMember @table(key: [\"user\", \"project\"]) {\n  role: String!\n  user: User!\n  project: Project!\n}"}]}}]}
[debug] [2026-09-17T02:04:40.188Z] >>> [apiv2][query] POST https://firebasedataconnect.googleapis.com/v1/projects/hitungin-63ed4/locations/asia-southeast1/services/-:generateQuery [none]
[debug] [2026-09-17T02:04:40.188Z] >>> [apiv2][body] POST https://firebasedataconnect.googleapis.com/v1/projects/hitungin-63ed4/locations/asia-southeast1/services/-:generateQuery {"name":"projects/hitungin-63ed4/locations/asia-southeast1/services/-","prompt":"Create a single mutation wrapped in a @transaction to populate the database with seed data. The mutation should call the insertMany action (e.g., table_insertMany) for all tables/entities defined in the schema, using fake data. Generate appropriate fake records (3 to 5 per table) conforming to the schema and including proper relationships/foreign keys.","schemas":[{"name":"projects/hitungin-63ed4/locations/asia-southeast1/services/calc2/schemas/main","datasources":[],"source":{"files":[{"path":"schema.gql","content":"type User @table {\n  email: String!\n  displayName: String!\n  avatarUrl: String\n}\n\ntype Project @table {\n  name: String!\n  description: String\n  deadline: Timestamp\n  owner: User!\n}\n\ntype Task @table {\n  title: String!\n  status: String!\n  description: String\n  dueDate: Timestamp\n  project: Project!\n  assignee: User\n}\n\ntype Comment @table {\n  content: String!\n  createdAt: Timestamp\n  task: Task!\n  author: User!\n}\n\ntype TeamMember @table(key: [\"user\", \"project\"]) {\n  role: String!\n  user: User!\n  project: Project!\n}"}]}}]}
[debug] [2026-09-17T02:04:40.503Z] <<< [apiv2][status] POST https://firebasedataconnect.googleapis.com/v1/projects/hitungin-63ed4/locations/asia-southeast1/services/-:generateQuery 200
[debug] [2026-09-17T02:04:40.503Z] <<< [apiv2][body] POST https://firebasedataconnect.googleapis.com/v1/projects/hitungin-63ed4/locations/asia-southeast1/services/-:generateQuery [stream]
[debug] [2026-09-17T02:04:40.667Z] <<< [apiv2][status] POST https://firebasedataconnect.googleapis.com/v1/projects/hitungin-63ed4/locations/asia-southeast1/services/-:generateQuery 200
[debug] [2026-09-17T02:04:40.668Z] <<< [apiv2][body] POST https://firebasedataconnect.googleapis.com/v1/projects/hitungin-63ed4/locations/asia-southeast1/services/-:generateQuery [stream]
[debug] [2026-09-17T02:04:40.981Z] <<< [apiv2][status] PATCH https://firebasedataconnect.googleapis.com/v1/projects/hitungin-63ed4/locations/asia-southeast1/services/calc2/schemas/main 200
[debug] [2026-09-17T02:04:40.981Z] <<< [apiv2][body] PATCH https://firebasedataconnect.googleapis.com/v1/projects/hitungin-63ed4/locations/asia-southeast1/services/calc2/schemas/main {"name":"projects/hitungin-63ed4/locations/asia-southeast1/operations/operation-1789610681058-65ba434ee464b-1950cef6-4bda3b3d","metadata":{"@type":"type.googleapis.com/google.firebase.dataconnect.v1.OperationMetadata","createTime":"2026-09-17T02:04:41.752360628Z","target":"projects/hitungin-63ed4/locations/asia-southeast1/services/calc2/schemas/main","verb":"update","requestedCancellation":false,"apiVersion":"v1"},"done":false}
[debug] [2026-09-17T02:04:40.982Z] Checked if tokens are valid: true, expires at: 1789614010877
[debug] [2026-09-17T02:04:40.982Z] Checked if tokens are valid: true, expires at: 1789614010877
[debug] [2026-09-17T02:04:40.982Z] >>> [apiv2][query] GET https://firebasedataconnect.googleapis.com/v1/projects/hitungin-63ed4/locations/asia-southeast1/operations/operation-1789610681058-65ba434ee464b-1950cef6-4bda3b3d [none]
[debug] [2026-09-17T02:04:41.054Z] <<< [apiv2][status] GET https://firebasedataconnect.googleapis.com/v1/projects/hitungin-63ed4/locations/asia-southeast1/operations/operation-1789610681058-65ba434ee464b-1950cef6-4bda3b3d 200
[debug] [2026-09-17T02:04:41.054Z] <<< [apiv2][body] GET https://firebasedataconnect.googleapis.com/v1/projects/hitungin-63ed4/locations/asia-southeast1/operations/operation-1789610681058-65ba434ee464b-1950cef6-4bda3b3d {"name":"projects/hitungin-63ed4/locations/asia-southeast1/operations/operation-1789610681058-65ba434ee464b-1950cef6-4bda3b3d","metadata":{"@type":"type.googleapis.com/google.firebase.dataconnect.v1.OperationMetadata","createTime":"2026-09-17T02:04:41.752360628Z","target":"projects/hitungin-63ed4/locations/asia-southeast1/services/calc2/schemas/main","verb":"update","requestedCancellation":false,"apiVersion":"v1"},"done":false}
[debug] [2026-09-17T02:04:41.558Z] [LRO Poller] Retrying task index 0
[debug] [2026-09-17T02:04:41.559Z] Checked if tokens are valid: true, expires at: 1789614010877
[debug] [2026-09-17T02:04:41.559Z] Checked if tokens are valid: true, expires at: 1789614010877
[debug] [2026-09-17T02:04:41.559Z] >>> [apiv2][query] GET https://firebasedataconnect.googleapis.com/v1/projects/hitungin-63ed4/locations/asia-southeast1/operations/operation-1789610681058-65ba434ee464b-1950cef6-4bda3b3d [none]
[debug] [2026-09-17T02:04:41.631Z] <<< [apiv2][status] GET https://firebasedataconnect.googleapis.com/v1/projects/hitungin-63ed4/locations/asia-southeast1/operations/operation-1789610681058-65ba434ee464b-1950cef6-4bda3b3d 200
[debug] [2026-09-17T02:04:41.631Z] <<< [apiv2][body] GET https://firebasedataconnect.googleapis.com/v1/projects/hitungin-63ed4/locations/asia-southeast1/operations/operation-1789610681058-65ba434ee464b-1950cef6-4bda3b3d {"name":"projects/hitungin-63ed4/locations/asia-southeast1/operations/operation-1789610681058-65ba434ee464b-1950cef6-4bda3b3d","metadata":{"@type":"type.googleapis.com/google.firebase.dataconnect.v1.OperationMetadata","createTime":"2026-09-17T02:04:41.752360628Z","endTime":"2026-09-17T02:04:41.986379826Z","target":"projects/hitungin-63ed4/locations/asia-southeast1/services/calc2/schemas/main","verb":"update","requestedCancellation":false,"apiVersion":"v1"},"done":true,"response":{"@type":"type.googleapis.com/google.firebase.dataconnect.v1.Schema","name":"projects/hitungin-63ed4/locations/asia-southeast1/services/calc2/schemas/main","createTime":"2026-09-17T02:04:41.744063317Z","updateTime":"2026-09-17T02:04:41.744063317Z","source":{"files":[{"path":"schema.gql","content":"type User @table {\n  email: String!\n  displayName: String!\n  avatarUrl: String\n}\n\ntype Project @table {\n  name: String!\n  description: String\n  deadline: Timestamp\n  owner: User!\n}\n\ntype Task @table {\n  title: String!\n  status: String!\n  description: String\n  dueDate: Timestamp\n  project: Project!\n  assignee: User\n}\n\ntype Comment @table {\n  content: String!\n  createdAt: Timestamp\n  task: Task!\n  author: User!\n}\n\ntype TeamMember @table(key: [\"user\", \"project\"]) {\n  role: String!\n  user: User!\n  project: Project!\n}"}]},"uid":"ded78de9-439e-48a4-80dd-aca391fe3191","reconciling":false,"datasources":[{"postgresql":{"database":"fdcdb","cloudSql":{"instance":"projects/hitungin-63ed4/locations/asia-southeast1/instances/calc2-fdc","edition":"EDITION_ENTERPRISE"},"schemaValidation":"NONE","ephemeral":true}}],"etag":"xKU7IVQXWAHf5sDfdY5mWVEAl6ZiPGaY4hJNNLqF-dA"}}
[debug] [2026-09-17T02:04:41.631Z] Checked if tokens are valid: true, expires at: 1789614010877
[debug] [2026-09-17T02:04:41.631Z] Checked if tokens are valid: true, expires at: 1789614010877
[debug] [2026-09-17T02:04:41.631Z] >>> [apiv2][query] PATCH https://firebasedataconnect.googleapis.com/v1/projects/hitungin-63ed4/locations/asia-southeast1/services/calc2/schemas/main allowMissing=true&validateOnly=false
[debug] [2026-09-17T02:04:41.632Z] >>> [apiv2][body] PATCH https://firebasedataconnect.googleapis.com/v1/projects/hitungin-63ed4/locations/asia-southeast1/services/calc2/schemas/main {"name":"projects/hitungin-63ed4/locations/asia-southeast1/services/calc2/schemas/main","datasources":[{"postgresql":{"database":"fdcdb","cloudSql":{"instance":"projects/hitungin-63ed4/locations/asia-southeast1/instances/calc2-fdc"},"schemaMigration":"MIGRATE_COMPATIBLE"}}],"source":{"files":[{"path":"schema.gql","content":"type User @table {\n  email: String!\n  displayName: String!\n  avatarUrl: String\n}\n\ntype Project @table {\n  name: String!\n  description: String\n  deadline: Timestamp\n  owner: User!\n}\n\ntype Task @table {\n  title: String!\n  status: String!\n  description: String\n  dueDate: Timestamp\n  project: Project!\n  assignee: User\n}\n\ntype Comment @table {\n  content: String!\n  createdAt: Timestamp\n  task: Task!\n  author: User!\n}\n\ntype TeamMember @table(key: [\"user\", \"project\"]) {\n  role: String!\n  user: User!\n  project: Project!\n}"}]}}
[debug] [2026-09-17T02:04:42.448Z] <<< [apiv2][status] PATCH https://firebasedataconnect.googleapis.com/v1/projects/hitungin-63ed4/locations/asia-southeast1/services/calc2/schemas/main 200
[debug] [2026-09-17T02:04:42.448Z] <<< [apiv2][body] PATCH https://firebasedataconnect.googleapis.com/v1/projects/hitungin-63ed4/locations/asia-southeast1/services/calc2/schemas/main {"name":"projects/hitungin-63ed4/locations/asia-southeast1/operations/operation-1789610682470-65ba43503ceed-8ba99fd4-41d3602a","metadata":{"@type":"type.googleapis.com/google.firebase.dataconnect.v1.OperationMetadata","createTime":"2026-09-17T02:04:43.219076898Z","target":"projects/hitungin-63ed4/locations/asia-southeast1/services/calc2/schemas/main","verb":"update","requestedCancellation":false,"apiVersion":"v1"},"done":false}
[debug] [2026-09-17T02:04:42.448Z] Checked if tokens are valid: true, expires at: 1789614010877
[debug] [2026-09-17T02:04:42.448Z] Checked if tokens are valid: true, expires at: 1789614010877
[debug] [2026-09-17T02:04:42.448Z] >>> [apiv2][query] GET https://firebasedataconnect.googleapis.com/v1/projects/hitungin-63ed4/locations/asia-southeast1/operations/operation-1789610682470-65ba43503ceed-8ba99fd4-41d3602a [none]
[debug] [2026-09-17T02:04:42.514Z] <<< [apiv2][status] GET https://firebasedataconnect.googleapis.com/v1/projects/hitungin-63ed4/locations/asia-southeast1/operations/operation-1789610682470-65ba43503ceed-8ba99fd4-41d3602a 200
[debug] [2026-09-17T02:04:42.515Z] <<< [apiv2][body] GET https://firebasedataconnect.googleapis.com/v1/projects/hitungin-63ed4/locations/asia-southeast1/operations/operation-1789610682470-65ba43503ceed-8ba99fd4-41d3602a {"name":"projects/hitungin-63ed4/locations/asia-southeast1/operations/operation-1789610682470-65ba43503ceed-8ba99fd4-41d3602a","metadata":{"@type":"type.googleapis.com/google.firebase.dataconnect.v1.OperationMetadata","createTime":"2026-09-17T02:04:43.219076898Z","target":"projects/hitungin-63ed4/locations/asia-southeast1/services/calc2/schemas/main","verb":"update","requestedCancellation":false,"apiVersion":"v1"},"done":false}
[debug] [2026-09-17T02:04:43.018Z] [LRO Poller] Retrying task index 0
[debug] [2026-09-17T02:04:43.019Z] Checked if tokens are valid: true, expires at: 1789614010877
[debug] [2026-09-17T02:04:43.019Z] Checked if tokens are valid: true, expires at: 1789614010877
[debug] [2026-09-17T02:04:43.019Z] >>> [apiv2][query] GET https://firebasedataconnect.googleapis.com/v1/projects/hitungin-63ed4/locations/asia-southeast1/operations/operation-1789610682470-65ba43503ceed-8ba99fd4-41d3602a [none]
[debug] [2026-09-17T02:04:43.088Z] <<< [apiv2][status] GET https://firebasedataconnect.googleapis.com/v1/projects/hitungin-63ed4/locations/asia-southeast1/operations/operation-1789610682470-65ba43503ceed-8ba99fd4-41d3602a 200
[debug] [2026-09-17T02:04:43.088Z] <<< [apiv2][body] GET https://firebasedataconnect.googleapis.com/v1/projects/hitungin-63ed4/locations/asia-southeast1/operations/operation-1789610682470-65ba43503ceed-8ba99fd4-41d3602a {"name":"projects/hitungin-63ed4/locations/asia-southeast1/operations/operation-1789610682470-65ba43503ceed-8ba99fd4-41d3602a","metadata":{"@type":"type.googleapis.com/google.firebase.dataconnect.v1.OperationMetadata","createTime":"2026-09-17T02:04:43.219076898Z","target":"projects/hitungin-63ed4/locations/asia-southeast1/services/calc2/schemas/main","verb":"update","requestedCancellation":false,"apiVersion":"v1"},"done":false}
[debug] [2026-09-17T02:04:44.091Z] [LRO Poller] Retrying task index 0
[debug] [2026-09-17T02:04:44.092Z] Checked if tokens are valid: true, expires at: 1789614010877
[debug] [2026-09-17T02:04:44.092Z] Checked if tokens are valid: true, expires at: 1789614010877
[debug] [2026-09-17T02:04:44.092Z] >>> [apiv2][query] GET https://firebasedataconnect.googleapis.com/v1/projects/hitungin-63ed4/locations/asia-southeast1/operations/operation-1789610682470-65ba43503ceed-8ba99fd4-41d3602a [none]
[debug] [2026-09-17T02:04:44.211Z] <<< [apiv2][status] GET https://firebasedataconnect.googleapis.com/v1/projects/hitungin-63ed4/locations/asia-southeast1/operations/operation-1789610682470-65ba43503ceed-8ba99fd4-41d3602a 200
[debug] [2026-09-17T02:04:44.211Z] <<< [apiv2][body] GET https://firebasedataconnect.googleapis.com/v1/projects/hitungin-63ed4/locations/asia-southeast1/operations/operation-1789610682470-65ba43503ceed-8ba99fd4-41d3602a {"name":"projects/hitungin-63ed4/locations/asia-southeast1/operations/operation-1789610682470-65ba43503ceed-8ba99fd4-41d3602a","metadata":{"@type":"type.googleapis.com/google.firebase.dataconnect.v1.OperationMetadata","createTime":"2026-09-17T02:04:43.219076898Z","target":"projects/hitungin-63ed4/locations/asia-southeast1/services/calc2/schemas/main","verb":"update","requestedCancellation":false,"apiVersion":"v1"},"done":false}
[debug] [2026-09-17T02:04:46.218Z] [LRO Poller] Retrying task index 0
[debug] [2026-09-17T02:04:46.218Z] Checked if tokens are valid: true, expires at: 1789614010877
[debug] [2026-09-17T02:04:46.218Z] Checked if tokens are valid: true, expires at: 1789614010877
[debug] [2026-09-17T02:04:46.218Z] >>> [apiv2][query] GET https://firebasedataconnect.googleapis.com/v1/projects/hitungin-63ed4/locations/asia-southeast1/operations/operation-1789610682470-65ba43503ceed-8ba99fd4-41d3602a [none]
[debug] [2026-09-17T02:04:46.271Z] <<< [apiv2][status] GET https://firebasedataconnect.googleapis.com/v1/projects/hitungin-63ed4/locations/asia-southeast1/operations/operation-1789610682470-65ba43503ceed-8ba99fd4-41d3602a 200
[debug] [2026-09-17T02:04:46.271Z] <<< [apiv2][body] GET https://firebasedataconnect.googleapis.com/v1/projects/hitungin-63ed4/locations/asia-southeast1/operations/operation-1789610682470-65ba43503ceed-8ba99fd4-41d3602a {"name":"projects/hitungin-63ed4/locations/asia-southeast1/operations/operation-1789610682470-65ba43503ceed-8ba99fd4-41d3602a","metadata":{"@type":"type.googleapis.com/google.firebase.dataconnect.v1.OperationMetadata","createTime":"2026-09-17T02:04:43.219076898Z","target":"projects/hitungin-63ed4/locations/asia-southeast1/services/calc2/schemas/main","verb":"update","requestedCancellation":false,"apiVersion":"v1"},"done":false}
[debug] [2026-09-17T02:04:50.276Z] [LRO Poller] Retrying task index 0
[debug] [2026-09-17T02:04:50.276Z] Checked if tokens are valid: true, expires at: 1789614010877
[debug] [2026-09-17T02:04:50.276Z] Checked if tokens are valid: true, expires at: 1789614010877
[debug] [2026-09-17T02:04:50.276Z] >>> [apiv2][query] GET https://firebasedataconnect.googleapis.com/v1/projects/hitungin-63ed4/locations/asia-southeast1/operations/operation-1789610682470-65ba43503ceed-8ba99fd4-41d3602a [none]
[debug] [2026-09-17T02:04:50.400Z] <<< [apiv2][status] GET https://firebasedataconnect.googleapis.com/v1/projects/hitungin-63ed4/locations/asia-southeast1/operations/operation-1789610682470-65ba43503ceed-8ba99fd4-41d3602a 200
[debug] [2026-09-17T02:04:50.400Z] <<< [apiv2][body] GET https://firebasedataconnect.googleapis.com/v1/projects/hitungin-63ed4/locations/asia-southeast1/operations/operation-1789610682470-65ba43503ceed-8ba99fd4-41d3602a {"name":"projects/hitungin-63ed4/locations/asia-southeast1/operations/operation-1789610682470-65ba43503ceed-8ba99fd4-41d3602a","metadata":{"@type":"type.googleapis.com/google.firebase.dataconnect.v1.OperationMetadata","createTime":"2026-09-17T02:04:43.219076898Z","target":"projects/hitungin-63ed4/locations/asia-southeast1/services/calc2/schemas/main","verb":"update","requestedCancellation":false,"apiVersion":"v1"},"done":false}
[info] +  Wrote dataconnect\dataconnect.yaml 
[info] +  Wrote dataconnect\seed_data.gql 
[info] +  Wrote dataconnect\schema\schema.gql 
[info] +  Wrote dataconnect\example\connector.yaml 
[info] +  Wrote dataconnect\example\queries.gql 
[info] +  Wrote dataconnect\example\connector.yaml 
[info] i  dataconnect: Installing the generated SDKs ... 
[info] i  dataconnect: downloading dataconnect-emulator-3.4.19.exe... {"metadata":{"emulator":{"name":"dataconnect"},"message":"downloading dataconnect-emulator-3.4.19.exe..."}}
[debug] [2026-09-17T02:04:53.360Z] >>> [apiv2][query] GET https://storage.googleapis.com/firemat-preview-drop/emulator/dataconnect-emulator-windows-amd64-v3.4.19 
[debug] [2026-09-17T02:04:53.756Z] <<< [apiv2][status] GET https://storage.googleapis.com/firemat-preview-drop/emulator/dataconnect-emulator-windows-amd64-v3.4.19 200
[debug] [2026-09-17T02:04:53.756Z] <<< [apiv2][body] GET https://storage.googleapis.com/firemat-preview-drop/emulator/dataconnect-emulator-windows-amd64-v3.4.19 [stream]
[debug] [2026-09-17T02:04:58.400Z] [LRO Poller] Retrying task index 0
[debug] [2026-09-17T02:04:58.401Z] Checked if tokens are valid: true, expires at: 1789614010877
[debug] [2026-09-17T02:04:58.401Z] Checked if tokens are valid: true, expires at: 1789614010877
[debug] [2026-09-17T02:04:58.402Z] >>> [apiv2][query] GET https://firebasedataconnect.googleapis.com/v1/projects/hitungin-63ed4/locations/asia-southeast1/operations/operation-1789610682470-65ba43503ceed-8ba99fd4-41d3602a [none]
[debug] [2026-09-17T02:04:58.653Z] <<< [apiv2][status] GET https://firebasedataconnect.googleapis.com/v1/projects/hitungin-63ed4/locations/asia-southeast1/operations/operation-1789610682470-65ba43503ceed-8ba99fd4-41d3602a 200
[debug] [2026-09-17T02:04:58.653Z] <<< [apiv2][body] GET https://firebasedataconnect.googleapis.com/v1/projects/hitungin-63ed4/locations/asia-southeast1/operations/operation-1789610682470-65ba43503ceed-8ba99fd4-41d3602a {"name":"projects/hitungin-63ed4/locations/asia-southeast1/operations/operation-1789610682470-65ba43503ceed-8ba99fd4-41d3602a","metadata":{"@type":"type.googleapis.com/google.firebase.dataconnect.v1.OperationMetadata","createTime":"2026-09-17T02:04:43.219076898Z","target":"projects/hitungin-63ed4/locations/asia-southeast1/services/calc2/schemas/main","verb":"update","requestedCancellation":false,"apiVersion":"v1"},"done":false}
[debug] [2026-09-17T02:05:08.444Z] defaultcredentials: writing to file C:\Users\Ritsu\AppData\Roaming\firebase\ardiyanfadil177_gmail_com_application_default_credentials.json
[debug] [2026-09-17T02:05:14.669Z] [LRO Poller] Retrying task index 0
[debug] [2026-09-17T02:05:14.670Z] Checked if tokens are valid: true, expires at: 1789614010877
[debug] [2026-09-17T02:05:14.670Z] Checked if tokens are valid: true, expires at: 1789614010877
[debug] [2026-09-17T02:05:14.671Z] >>> [apiv2][query] GET https://firebasedataconnect.googleapis.com/v1/projects/hitungin-63ed4/locations/asia-southeast1/operations/operation-1789610682470-65ba43503ceed-8ba99fd4-41d3602a [none]
[debug] [2026-09-17T02:05:14.830Z] <<< [apiv2][status] GET https://firebasedataconnect.googleapis.com/v1/projects/hitungin-63ed4/locations/asia-southeast1/operations/operation-1789610682470-65ba43503ceed-8ba99fd4-41d3602a 200
[debug] [2026-09-17T02:05:14.830Z] <<< [apiv2][body] GET https://firebasedataconnect.googleapis.com/v1/projects/hitungin-63ed4/locations/asia-southeast1/operations/operation-1789610682470-65ba43503ceed-8ba99fd4-41d3602a {"name":"projects/hitungin-63ed4/locations/asia-southeast1/operations/operation-1789610682470-65ba43503ceed-8ba99fd4-41d3602a","metadata":{"@type":"type.googleapis.com/google.firebase.dataconnect.v1.OperationMetadata","createTime":"2026-09-17T02:04:43.219076898Z","target":"projects/hitungin-63ed4/locations/asia-southeast1/services/calc2/schemas/main","verb":"update","requestedCancellation":false,"apiVersion":"v1"},"done":false}
[info] +  dataconnect: Installed generated SDKs for . (web) 
[info] i  Visit https://firebase.google.com/docs/data-connect/web-sdk#react for more information on how to set up React Generated SDKs for Firebase SQL Connect 
[info] 
=== Firestore Setup
[info] i  firestore: ensuring required API firestore.googleapis.com is enabled... 
[debug] [2026-09-17T02:05:15.225Z] Checked if tokens are valid: true, expires at: 1789614010877
[debug] [2026-09-17T02:05:15.226Z] Checked if tokens are valid: true, expires at: 1789614010877
[debug] [2026-09-17T02:05:15.226Z] >>> [apiv2][query] GET https://serviceusage.googleapis.com/v1/projects/hitungin-63ed4/services/firestore.googleapis.com [none]
[debug] [2026-09-17T02:05:15.227Z] >>> [apiv2][(partial)header] GET https://serviceusage.googleapis.com/v1/projects/hitungin-63ed4/services/firestore.googleapis.com  x-goog-user-project=hitungin-63ed4
[debug] [2026-09-17T02:05:17.755Z] <<< [apiv2][status] GET https://serviceusage.googleapis.com/v1/projects/hitungin-63ed4/services/firestore.googleapis.com 200
[debug] [2026-09-17T02:05:17.755Z] <<< [apiv2][body] GET https://serviceusage.googleapis.com/v1/projects/hitungin-63ed4/services/firestore.googleapis.com [omitted]
[warn] !  firestore: missing required API firestore.googleapis.com. Enabling now... 
[debug] [2026-09-17T02:05:17.756Z] Checked if tokens are valid: true, expires at: 1789614010877
[debug] [2026-09-17T02:05:17.756Z] Checked if tokens are valid: true, expires at: 1789614010877
[debug] [2026-09-17T02:05:17.757Z] >>> [apiv2][query] POST https://serviceusage.googleapis.com/v1/projects/hitungin-63ed4/services/firestore.googleapis.com:enable [none]
[debug] [2026-09-17T02:05:17.757Z] >>> [apiv2][(partial)header] POST https://serviceusage.googleapis.com/v1/projects/hitungin-63ed4/services/firestore.googleapis.com:enable  x-goog-user-project=hitungin-63ed4
[debug] [2026-09-17T02:05:19.227Z] <<< [apiv2][status] POST https://serviceusage.googleapis.com/v1/projects/hitungin-63ed4/services/firestore.googleapis.com:enable 200
[debug] [2026-09-17T02:05:19.228Z] <<< [apiv2][body] POST https://serviceusage.googleapis.com/v1/projects/hitungin-63ed4/services/firestore.googleapis.com:enable [omitted]
[debug] [2026-09-17T02:05:29.249Z] Checked if tokens are valid: true, expires at: 1789614010877
[debug] [2026-09-17T02:05:29.249Z] Checked if tokens are valid: true, expires at: 1789614010877
[debug] [2026-09-17T02:05:29.249Z] >>> [apiv2][query] GET https://firestore.googleapis.com/v1/projects/hitungin-63ed4/databases [none]
[debug] [2026-09-17T02:05:29.923Z] <<< [apiv2][status] GET https://firestore.googleapis.com/v1/projects/hitungin-63ed4/databases 200
[debug] [2026-09-17T02:05:29.924Z] <<< [apiv2][body] GET https://firestore.googleapis.com/v1/projects/hitungin-63ed4/databases {}
[debug] [2026-09-17T02:05:29.924Z] Checked if tokens are valid: true, expires at: 1789614010877
[debug] [2026-09-17T02:05:29.924Z] Checked if tokens are valid: true, expires at: 1789614010877
[debug] [2026-09-17T02:05:29.924Z] >>> [apiv2][query] GET https://firestore.googleapis.com/v1/projects/hitungin-63ed4/locations [none]
[debug] [2026-09-17T02:05:30.249Z] <<< [apiv2][status] GET https://firestore.googleapis.com/v1/projects/hitungin-63ed4/locations 200
[debug] [2026-09-17T02:05:30.250Z] <<< [apiv2][body] GET https://firestore.googleapis.com/v1/projects/hitungin-63ed4/locations {"locations":[{"name":"projects/hitungin-63ed4/locations/eur3","labels":{"appengine.googleapis.com/geo":"europe-west","cloud.googleapis.com/location":"eur3","cloud.googleapis.com/geo":"eur3"},"metadata":{"@type":"type.googleapis.com/google.firestore.admin.v1.LocationMetadata"},"locationId":"eur3","displayName":"Europe"},{"name":"projects/hitungin-63ed4/locations/nam5","labels":{"appengine.googleapis.com/geo":"us-central","cloud.googleapis.com/location":"nam5","cloud.googleapis.com/geo":"nam5"},"metadata":{"@type":"type.googleapis.com/google.firestore.admin.v1.LocationMetadata"},"locationId":"nam5","displayName":"United States"},{"name":"projects/hitungin-63ed4/locations/nam7","labels":{"cloud.googleapis.com/location":"nam7","cloud.googleapis.com/geo":"nam7"},"metadata":{"@type":"type.googleapis.com/google.firestore.admin.v1.LocationMetadata"},"locationId":"nam7","displayName":"United States"},{"name":"projects/hitungin-63ed4/locations/africa-south1","labels":{"cloud.googleapis.com/location":"africa-south1","cloud.googleapis.com/region":"africa-south1"},"metadata":{"@type":"type.googleapis.com/google.firestore.admin.v1.LocationMetadata"},"locationId":"africa-south1","displayName":"Johannesburg"},{"name":"projects/hitungin-63ed4/locations/asia-east1","labels":{"appengine.googleapis.com/region":"asia-east1","cloud.googleapis.com/location":"asia-east1","cloud.googleapis.com/region":"asia-east1"},"metadata":{"@type":"type.googleapis.com/google.firestore.admin.v1.LocationMetadata"},"locationId":"asia-east1","displayName":"Taiwan"},{"name":"projects/hitungin-63ed4/locations/asia-east2","labels":{"appengine.googleapis.com/region":"asia-east2","cloud.googleapis.com/location":"asia-east2","cloud.googleapis.com/region":"asia-east2"},"metadata":{"@type":"type.googleapis.com/google.firestore.admin.v1.LocationMetadata"},"locationId":"asia-east2","displayName":"Hong Kong"},{"name":"projects/hitungin-63ed4/locations/asia-northeast1","labels":{"appengine.googleapis.com/region":"asia-northeast1","cloud.googleapis.com/location":"asia-northeast1","cloud.googleapis.com/region":"asia-northeast1"},"metadata":{"@type":"type.googleapis.com/google.firestore.admin.v1.LocationMetadata"},"locationId":"asia-northeast1","displayName":"Tokyo"},{"name":"projects/hitungin-63ed4/locations/asia-northeast2","labels":{"appengine.googleapis.com/region":"asia-northeast2","cloud.googleapis.com/location":"asia-northeast2","cloud.googleapis.com/region":"asia-northeast2"},"metadata":{"@type":"type.googleapis.com/google.firestore.admin.v1.LocationMetadata"},"locationId":"asia-northeast2","displayName":"Osaka"},{"name":"projects/hitungin-63ed4/locations/asia-northeast3","labels":{"appengine.googleapis.com/region":"asia-northeast3","cloud.googleapis.com/location":"asia-northeast3","cloud.googleapis.com/region":"asia-northeast3"},"metadata":{"@type":"type.googleapis.com/google.firestore.admin.v1.LocationMetadata"},"locationId":"asia-northeast3","displayName":"Seoul"},{"name":"projects/hitungin-63ed4/locations/asia-south1","labels":{"appengine.googleapis.com/region":"asia-south1","cloud.googleapis.com/location":"asia-south1","cloud.googleapis.com/region":"asia-south1"},"metadata":{"@type":"type.googleapis.com/google.firestore.admin.v1.LocationMetadata"},"locationId":"asia-south1","displayName":"Mumbai"},{"name":"projects/hitungin-63ed4/locations/asia-south2","labels":{"cloud.googleapis.com/location":"asia-south2","cloud.googleapis.com/region":"asia-south2"},"metadata":{"@type":"type.googleapis.com/google.firestore.admin.v1.LocationMetadata"},"locationId":"asia-south2","displayName":"Delhi"},{"name":"projects/hitungin-63ed4/locations/asia-southeast1","labels":{"appengine.googleapis.com/region":"asia-southeast1","cloud.googleapis.com/location":"asia-southeast1","cloud.googleapis.com/region":"asia-southeast1"},"metadata":{"@type":"type.googleapis.com/google.firestore.admin.v1.LocationMetadata"},"locationId":"asia-southeast1","displayName":"Singapore"},{"name":"projects/hitungin-63ed4/locations/asia-southeast2","labels":{"appengine.googleapis.com/region":"asia-southeast2","cloud.googleapis.com/location":"asia-southeast2","cloud.googleapis.com/region":"asia-southeast2"},"metadata":{"@type":"type.googleapis.com/google.firestore.admin.v1.LocationMetadata"},"locationId":"asia-southeast2","displayName":"Jakarta"},{"name":"projects/hitungin-63ed4/locations/asia-southeast3","labels":{"cloud.googleapis.com/location":"asia-southeast3","cloud.googleapis.com/region":"asia-southeast3"},"metadata":{"@type":"type.googleapis.com/google.firestore.admin.v1.LocationMetadata"},"locationId":"asia-southeast3","displayName":"Bangkok"},{"name":"projects/hitungin-63ed4/locations/australia-southeast1","labels":{"appengine.googleapis.com/region":"australia-southeast1","cloud.googleapis.com/location":"australia-southeast1","cloud.googleapis.com/region":"australia-southeast1"},"metadata":{"@type":"type.googleapis.com/google.firestore.admin.v1.LocationMetadata"},"locationId":"australia-southeast1","displayName":"Sydney"},{"name":"projects/hitungin-63ed4/locations/australia-southeast2","labels":{"cloud.googleapis.com/location":"australia-southeast2","cloud.googleapis.com/region":"australia-southeast2"},"metadata":{"@type":"type.googleapis.com/google.firestore.admin.v1.LocationMetadata"},"locationId":"australia-southeast2","displayName":"Melbourne"},{"name":"projects/hitungin-63ed4/locations/europe-central2","labels":{"appengine.googleapis.com/region":"europe-central2","cloud.googleapis.com/location":"europe-central2","cloud.googleapis.com/region":"europe-central2"},"metadata":{"@type":"type.googleapis.com/google.firestore.admin.v1.LocationMetadata"},"locationId":"europe-central2","displayName":"Warsaw"},{"name":"projects/hitungin-63ed4/locations/europe-north1","labels":{"cloud.googleapis.com/location":"europe-north1","cloud.googleapis.com/region":"europe-north1"},"metadata":{"@type":"type.googleapis.com/google.firestore.admin.v1.LocationMetadata"},"locationId":"europe-north1","displayName":"Finland"},{"name":"projects/hitungin-63ed4/locations/europe-north2","labels":{"cloud.googleapis.com/location":"europe-north2","cloud.googleapis.com/region":"europe-north2"},"metadata":{"@type":"type.googleapis.com/google.firestore.admin.v1.LocationMetadata"},"locationId":"europe-north2","displayName":"Stockholm"},{"name":"projects/hitungin-63ed4/locations/europe-southwest1","labels":{"cloud.googleapis.com/location":"europe-southwest1","cloud.googleapis.com/region":"europe-southwest1"},"metadata":{"@type":"type.googleapis.com/google.firestore.admin.v1.LocationMetadata"},"locationId":"europe-southwest1","displayName":"Madrid"},{"name":"projects/hitungin-63ed4/locations/europe-west1","labels":{"cloud.googleapis.com/location":"europe-west1","cloud.googleapis.com/region":"europe-west1"},"metadata":{"@type":"type.googleapis.com/google.firestore.admin.v1.LocationMetadata"},"locationId":"europe-west1","displayName":"Belgium"},{"name":"projects/hitungin-63ed4/locations/europe-west10","labels":{"cloud.googleapis.com/location":"europe-west10","cloud.googleapis.com/region":"europe-west10"},"metadata":{"@type":"type.googleapis.com/google.firestore.admin.v1.LocationMetadata"},"locationId":"europe-west10","displayName":"Berlin"},{"name":"projects/hitungin-63ed4/locations/europe-west12","labels":{"cloud.googleapis.com/location":"europe-west12","cloud.googleapis.com/region":"europe-west12"},"metadata":{"@type":"type.googleapis.com/google.firestore.admin.v1.LocationMetadata"},"locationId":"europe-west12","displayName":"Turin"},{"name":"projects/hitungin-63ed4/locations/europe-west2","labels":{"appengine.googleapis.com/region":"europe-west2","cloud.googleapis.com/location":"europe-west2","cloud.googleapis.com/region":"europe-west2"},"metadata":{"@type":"type.googleapis.com/google.firestore.admin.v1.LocationMetadata"},"locationId":"europe-west2","displayName":"London"},{"name":"projects/hitungin-63ed4/locations/europe-west3","labels":{"appengine.googleapis.com/region":"europe-west3","cloud.googleapis.com/location":"europe-west3","cloud.googleapis.com/region":"europe-west3"},"metadata":{"@type":"type.googleapis.com/google.firestore.admin.v1.LocationMetadata"},"locationId":"europe-west3","displayName":"Frankfurt"},{"name":"projects/hitungin-63ed4/locations/europe-west4","labels":{"cloud.googleapis.com/location":"europe-west4","cloud.googleapis.com/region":"europe-west4"},"metadata":{"@type":"type.googleapis.com/google.firestore.admin.v1.LocationMetadata"},"locationId":"europe-west4","displayName":"Netherlands"},{"name":"projects/hitungin-63ed4/locations/europe-west6","labels":{"appengine.googleapis.com/region":"europe-west6","cloud.googleapis.com/location":"europe-west6","cloud.googleapis.com/region":"europe-west6"},"metadata":{"@type":"type.googleapis.com/google.firestore.admin.v1.LocationMetadata"},"locationId":"europe-west6","displayName":"Zurich"},{"name":"projects/hitungin-63ed4/locations/europe-west8","labels":{"cloud.googleapis.com/location":"europe-west8","cloud.googleapis.com/region":"europe-west8"},"metadata":{"@type":"type.googleapis.com/google.firestore.admin.v1.LocationMetadata"},"locationId":"europe-west8","displayName":"Milan"},{"name":"projects/hitungin-63ed4/locations/europe-west9","labels":{"cloud.googleapis.com/location":"europe-west9","cloud.googleapis.com/region":"europe-west9"},"metadata":{"@type":"type.googleapis.com/google.firestore.admin.v1.LocationMetadata"},"locationId":"europe-west9","displayName":"Paris"},{"name":"projects/hitungin-63ed4/locations/me-central1","labels":{"cloud.googleapis.com/location":"me-central1","cloud.googleapis.com/region":"me-central1"},"metadata":{"@type":"type.googleapis.com/google.firestore.admin.v1.LocationMetadata"},"locationId":"me-central1","displayName":"Doha"},{"name":"projects/hitungin-63ed4/locations/me-central2","labels":{"cloud.googleapis.com/location":"me-central2","cloud.googleapis.com/region":"me-central2"},"metadata":{"@type":"type.googleapis.com/google.firestore.admin.v1.LocationMetadata"},"locationId":"me-central2","displayName":"Dammam"},{"name":"projects/hitungin-63ed4/locations/me-west1","labels":{"cloud.googleapis.com/location":"me-west1","cloud.googleapis.com/region":"me-west1"},"metadata":{"@type":"type.googleapis.com/google.firestore.admin.v1.LocationMetadata"},"locationId":"me-west1","displayName":"Tel Aviv"},{"name":"projects/hitungin-63ed4/locations/northamerica-northeast1","labels":{"appengine.googleapis.com/region":"northamerica-northeast1","cloud.googleapis.com/location":"northamerica-northeast1","cloud.googleapis.com/region":"northamerica-northeast1"},"metadata":{"@type":"type.googleapis.com/google.firestore.admin.v1.LocationMetadata"},"locationId":"northamerica-northeast1","displayName":"Montréal"},{"name":"projects/hitungin-63ed4/locations/northamerica-northeast2","labels":{"cloud.googleapis.com/location":"northamerica-northeast2","cloud.googleapis.com/region":"northamerica-northeast2"},"metadata":{"@type":"type.googleapis.com/google.firestore.admin.v1.LocationMetadata"},"locationId":"northamerica-northeast2","displayName":"Toronto"},{"name":"projects/hitungin-63ed4/locations/northamerica-south1","labels":{"cloud.googleapis.com/location":"northamerica-south1","cloud.googleapis.com/region":"northamerica-south1"},"metadata":{"@type":"type.googleapis.com/google.firestore.admin.v1.LocationMetadata"},"locationId":"northamerica-south1","displayName":"Mexico"},{"name":"projects/hitungin-63ed4/locations/southamerica-east1","labels":{"appengine.googleapis.com/region":"southamerica-east1","cloud.googleapis.com/location":"southamerica-east1","cloud.googleapis.com/region":"southamerica-east1"},"metadata":{"@type":"type.googleapis.com/google.firestore.admin.v1.LocationMetadata"},"locationId":"southamerica-east1","displayName":"São Paulo"},{"name":"projects/hitungin-63ed4/locations/southamerica-west1","labels":{"cloud.googleapis.com/location":"southamerica-west1","cloud.googleapis.com/region":"southamerica-west1"},"metadata":{"@type":"type.googleapis.com/google.firestore.admin.v1.LocationMetadata"},"locationId":"southamerica-west1","displayName":"Santiago"},{"name":"projects/hitungin-63ed4/locations/us-central1","labels":{"cloud.googleapis.com/location":"us-central1","cloud.googleapis.com/region":"us-central1"},"metadata":{"@type":"type.googleapis.com/google.firestore.admin.v1.LocationMetadata"},"locationId":"us-central1","displayName":"Iowa"},{"name":"projects/hitungin-63ed4/locations/us-east1","labels":{"appengine.googleapis.com/region":"us-east1","cloud.googleapis.com/location":"us-east1","cloud.googleapis.com/region":"us-east1"},"metadata":{"@type":"type.googleapis.com/google.firestore.admin.v1.LocationMetadata"},"locationId":"us-east1","displayName":"South Carolina"},{"name":"projects/hitungin-63ed4/locations/us-east4","labels":{"appengine.googleapis.com/region":"us-east4","cloud.googleapis.com/location":"us-east4","cloud.googleapis.com/region":"us-east4"},"metadata":{"@type":"type.googleapis.com/google.firestore.admin.v1.LocationMetadata"},"locationId":"us-east4","displayName":"Northern Virginia"},{"name":"projects/hitungin-63ed4/locations/us-east5","labels":{"cloud.googleapis.com/location":"us-east5","cloud.googleapis.com/region":"us-east5"},"metadata":{"@type":"type.googleapis.com/google.firestore.admin.v1.LocationMetadata"},"locationId":"us-east5","displayName":"Columbus"},{"name":"projects/hitungin-63ed4/locations/us-south1","labels":{"cloud.googleapis.com/location":"us-south1","cloud.googleapis.com/region":"us-south1"},"metadata":{"@type":"type.googleapis.com/google.firestore.admin.v1.LocationMetadata"},"locationId":"us-south1","displayName":"Dallas"},{"name":"projects/hitungin-63ed4/locations/us-west1","labels":{"appengine.googleapis.com/region":"us-west1","cloud.googleapis.com/location":"us-west1","cloud.googleapis.com/region":"us-west1"},"metadata":{"@type":"type.googleapis.com/google.firestore.admin.v1.LocationMetadata"},"locationId":"us-west1","displayName":"Oregon"},{"name":"projects/hitungin-63ed4/locations/us-west2","labels":{"appengine.googleapis.com/region":"us-west2","cloud.googleapis.com/location":"us-west2","cloud.googleapis.com/region":"us-west2"},"metadata":{"@type":"type.googleapis.com/google.firestore.admin.v1.LocationMetadata"},"locationId":"us-west2","displayName":"Los Angeles"},{"name":"projects/hitungin-63ed4/locations/us-west3","labels":{"appengine.googleapis.com/region":"us-west3","cloud.googleapis.com/location":"us-west3","cloud.googleapis.com/region":"us-west3"},"metadata":{"@type":"type.googleapis.com/google.firestore.admin.v1.LocationMetadata"},"locationId":"us-west3","displayName":"Salt Lake City"},{"name":"projects/hitungin-63ed4/locations/us-west4","labels":{"appengine.googleapis.com/region":"us-west4","cloud.googleapis.com/location":"us-west4","cloud.googleapis.com/region":"us-west4"},"metadata":{"@type":"type.googleapis.com/google.firestore.admin.v1.LocationMetadata"},"locationId":"us-west4","displayName":"Las Vegas"}]}
[info] 
[info] Firestore Security Rules allow you to define how and when to allow
[info] requests. You can keep these rules in your project directory
[info] and publish them with firebase deploy.
[info] 
[debug] [2026-09-17T02:05:46.846Z] [LRO Poller] Retrying task index 0
[debug] [2026-09-17T02:05:46.846Z] Checked if tokens are valid: true, expires at: 1789614010877
[debug] [2026-09-17T02:05:46.847Z] Checked if tokens are valid: true, expires at: 1789614010877
[debug] [2026-09-17T02:05:46.847Z] >>> [apiv2][query] GET https://firebasedataconnect.googleapis.com/v1/projects/hitungin-63ed4/locations/asia-southeast1/operations/operation-1789610682470-65ba43503ceed-8ba99fd4-41d3602a [none]
[debug] [2026-09-17T02:05:46.991Z] <<< [apiv2][status] GET https://firebasedataconnect.googleapis.com/v1/projects/hitungin-63ed4/locations/asia-southeast1/operations/operation-1789610682470-65ba43503ceed-8ba99fd4-41d3602a 200
[debug] [2026-09-17T02:05:46.991Z] <<< [apiv2][body] GET https://firebasedataconnect.googleapis.com/v1/projects/hitungin-63ed4/locations/asia-southeast1/operations/operation-1789610682470-65ba43503ceed-8ba99fd4-41d3602a {"name":"projects/hitungin-63ed4/locations/asia-southeast1/operations/operation-1789610682470-65ba43503ceed-8ba99fd4-41d3602a","metadata":{"@type":"type.googleapis.com/google.firebase.dataconnect.v1.OperationMetadata","createTime":"2026-09-17T02:04:43.219076898Z","target":"projects/hitungin-63ed4/locations/asia-southeast1/services/calc2/schemas/main","verb":"update","requestedCancellation":false,"apiVersion":"v1"},"done":false}
